// Jest Snapshot v1, https://goo.gl/fbAQLP

exports[`Matches the snapshot with NoRecordFound 1`] = `
<div
  className="no-record-found"
>
  No Record Found.
</div>
`;
