// Jest Snapshot v1, https://goo.gl/fbAQLP

exports[`Matches the snapshot with Header 1`] = `
<header>
  <h1>
    Question Poll
  </h1>
</header>
`;
