// Jest Snapshot v1, https://goo.gl/fbAQLP

exports[`Matches the snapshot with Loader 1`] = `
<div
  className="loader"
>
  Loading...
</div>
`;
